Archive member included to satisfy reference by file (symbol)

C:/ST/STM32CubeIDE_1.11.0/STM32CubeIDE/plugins/com.st.stm32cube.ide.mcu.externaltools.gnu-tools-for-stm32.11.3.rel1.win32_1.1.1.202309131626/tools/bin/../lib/gcc/arm-none-eabi/11.3.1/../../../../arm-none-eabi/lib/thumb/v7-m/nofp\libc_nano.a(libc_a-exit.o)
                              C:/ST/STM32CubeIDE_1.11.0/STM32CubeIDE/plugins/com.st.stm32cube.ide.mcu.externaltools.gnu-tools-for-stm32.11.3.rel1.win32_1.1.1.202309131626/tools/bin/../lib/gcc/arm-none-eabi/11.3.1/../../../../arm-none-eabi/lib/thumb/v7-m/nofp/crt0.o (exit)
C:/ST/STM32CubeIDE_1.11.0/STM32CubeIDE/plugins/com.st.stm32cube.ide.mcu.externaltools.gnu-tools-for-stm32.11.3.rel1.win32_1.1.1.202309131626/tools/bin/../lib/gcc/arm-none-eabi/11.3.1/../../../../arm-none-eabi/lib/thumb/v7-m/nofp\libc_nano.a(libc_a-findfp.o)
                              C:/ST/STM32CubeIDE_1.11.0/STM32CubeIDE/plugins/com.st.stm32cube.ide.mcu.externaltools.gnu-tools-for-stm32.11.3.rel1.win32_1.1.1.202309131626/tools/bin/../lib/gcc/arm-none-eabi/11.3.1/../../../../arm-none-eabi/lib/thumb/v7-m/nofp\libc_nano.a(libc_a-exit.o) (__stdio_exit_handler)
C:/ST/STM32CubeIDE_1.11.0/STM32CubeIDE/plugins/com.st.stm32cube.ide.mcu.externaltools.gnu-tools-for-stm32.11.3.rel1.win32_1.1.1.202309131626/tools/bin/../lib/gcc/arm-none-eabi/11.3.1/../../../../arm-none-eabi/lib/thumb/v7-m/nofp\libc_nano.a(libc_a-fwalk.o)
                              C:/ST/STM32CubeIDE_1.11.0/STM32CubeIDE/plugins/com.st.stm32cube.ide.mcu.externaltools.gnu-tools-for-stm32.11.3.rel1.win32_1.1.1.202309131626/tools/bin/../lib/gcc/arm-none-eabi/11.3.1/../../../../arm-none-eabi/lib/thumb/v7-m/nofp\libc_nano.a(libc_a-findfp.o) (_fwalk_sglue)
C:/ST/STM32CubeIDE_1.11.0/STM32CubeIDE/plugins/com.st.stm32cube.ide.mcu.externaltools.gnu-tools-for-stm32.11.3.rel1.win32_1.1.1.202309131626/tools/bin/../lib/gcc/arm-none-eabi/11.3.1/../../../../arm-none-eabi/lib/thumb/v7-m/nofp\libc_nano.a(libc_a-stdio.o)
                              C:/ST/STM32CubeIDE_1.11.0/STM32CubeIDE/plugins/com.st.stm32cube.ide.mcu.externaltools.gnu-tools-for-stm32.11.3.rel1.win32_1.1.1.202309131626/tools/bin/../lib/gcc/arm-none-eabi/11.3.1/../../../../arm-none-eabi/lib/thumb/v7-m/nofp\libc_nano.a(libc_a-findfp.o) (__sread)
C:/ST/STM32CubeIDE_1.11.0/STM32CubeIDE/plugins/com.st.stm32cube.ide.mcu.externaltools.gnu-tools-for-stm32.11.3.rel1.win32_1.1.1.202309131626/tools/bin/../lib/gcc/arm-none-eabi/11.3.1/../../../../arm-none-eabi/lib/thumb/v7-m/nofp\libc_nano.a(libc_a-memset.o)
                              C:/ST/STM32CubeIDE_1.11.0/STM32CubeIDE/plugins/com.st.stm32cube.ide.mcu.externaltools.gnu-tools-for-stm32.11.3.rel1.win32_1.1.1.202309131626/tools/bin/../lib/gcc/arm-none-eabi/11.3.1/../../../../arm-none-eabi/lib/thumb/v7-m/nofp/crt0.o (memset)
C:/ST/STM32CubeIDE_1.11.0/STM32CubeIDE/plugins/com.st.stm32cube.ide.mcu.externaltools.gnu-tools-for-stm32.11.3.rel1.win32_1.1.1.202309131626/tools/bin/../lib/gcc/arm-none-eabi/11.3.1/../../../../arm-none-eabi/lib/thumb/v7-m/nofp\libc_nano.a(libc_a-closer.o)
                              C:/ST/STM32CubeIDE_1.11.0/STM32CubeIDE/plugins/com.st.stm32cube.ide.mcu.externaltools.gnu-tools-for-stm32.11.3.rel1.win32_1.1.1.202309131626/tools/bin/../lib/gcc/arm-none-eabi/11.3.1/../../../../arm-none-eabi/lib/thumb/v7-m/nofp\libc_nano.a(libc_a-stdio.o) (_close_r)
C:/ST/STM32CubeIDE_1.11.0/STM32CubeIDE/plugins/com.st.stm32cube.ide.mcu.externaltools.gnu-tools-for-stm32.11.3.rel1.win32_1.1.1.202309131626/tools/bin/../lib/gcc/arm-none-eabi/11.3.1/../../../../arm-none-eabi/lib/thumb/v7-m/nofp\libc_nano.a(libc_a-reent.o)
                              C:/ST/STM32CubeIDE_1.11.0/STM32CubeIDE/plugins/com.st.stm32cube.ide.mcu.externaltools.gnu-tools-for-stm32.11.3.rel1.win32_1.1.1.202309131626/tools/bin/../lib/gcc/arm-none-eabi/11.3.1/../../../../arm-none-eabi/lib/thumb/v7-m/nofp\libc_nano.a(libc_a-closer.o) (errno)
C:/ST/STM32CubeIDE_1.11.0/STM32CubeIDE/plugins/com.st.stm32cube.ide.mcu.externaltools.gnu-tools-for-stm32.11.3.rel1.win32_1.1.1.202309131626/tools/bin/../lib/gcc/arm-none-eabi/11.3.1/../../../../arm-none-eabi/lib/thumb/v7-m/nofp\libc_nano.a(libc_a-impure.o)
                              C:/ST/STM32CubeIDE_1.11.0/STM32CubeIDE/plugins/com.st.stm32cube.ide.mcu.externaltools.gnu-tools-for-stm32.11.3.rel1.win32_1.1.1.202309131626/tools/bin/../lib/gcc/arm-none-eabi/11.3.1/../../../../arm-none-eabi/lib/thumb/v7-m/nofp\libc_nano.a(libc_a-reent.o) (_impure_ptr)
C:/ST/STM32CubeIDE_1.11.0/STM32CubeIDE/plugins/com.st.stm32cube.ide.mcu.externaltools.gnu-tools-for-stm32.11.3.rel1.win32_1.1.1.202309131626/tools/bin/../lib/gcc/arm-none-eabi/11.3.1/../../../../arm-none-eabi/lib/thumb/v7-m/nofp\libc_nano.a(libc_a-lseekr.o)
[...]
Memory Configuration

Name             Origin             Length             Attributes
RAM              0x0000000020000000 0x0000000000020000 xrw
FLASH            0x0000000008000000 0x0000000000080000 xr
*default*        0x0000000000000000 0xffffffffffffffff

Linker script and memory map

LOAD C:/ST/STM32CubeIDE_1.11.0/STM32CubeIDE/plugins/com.st.stm32cube.ide.mcu.externaltools.gnu-tools-for-stm32.11.3.rel1.win32_1.1.1.202309131626/tools/bin/../lib/gcc/arm-none-eabi/11.3.1/thumb/v7-m/nofp/crti.o
LOAD C:/ST/STM32CubeIDE_1.11.0/STM32CubeIDE/plugins/com.st.stm32cube.ide.mcu.externaltools.gnu-tools-for-stm32.11.3.rel1.win32_1.1.1.202309131626/tools/bin/../lib/gcc/arm-none-eabi/11.3.1/thumb/v7-m/nofp/crtbegin.o
LOAD C:/ST/STM32CubeIDE_1.11.0/STM32CubeIDE/plugins/com.st.stm32cube.ide.mcu.externaltools.gnu-tools-for-stm32.11.3.rel1.win32_1.1.1.202309131626/tools/bin/../lib/gcc/arm-none-eabi/11.3.1/../../../../arm-none-eabi/lib/thumb/v7-m/nofp/crt0.o
LOAD ./Core/Src/flash.o
LOAD ./Core/Src/main.o
LOAD ./Core/Src/stm32f2xx_hal_msp.o
LOAD ./Core/Src/stm32f2xx_it.o
LOAD ./Core/Src/syscalls.o
LOAD ./Core/Src/sysmem.o
LOAD ./Core/Src/system_stm32f2xx.o
LOAD ./Core/Src/uart.o
LOAD ./Core/Src/xmodem.o
LOAD ./Core/Startup/startup_stm32f205retx.o
LOAD ./Drivers/STM32F2xx_HAL_Driver/Src/stm32f2xx_hal.o
LOAD ./Drivers/STM32F2xx_HAL_Driver/Src/stm32f2xx_hal_cortex.o
LOAD ./Drivers/STM32F2xx_HAL_Driver/Src/stm32f2xx_hal_dma.o
LOAD ./Drivers/STM32F2xx_HAL_Driver/Src/stm32f2xx_hal_dma_ex.o
LOAD ./Drivers/STM32F2xx_HAL_Driver/Src/stm32f2xx_hal_exti.o
LOAD ./Drivers/STM32F2xx_HAL_Driver/Src/stm32f2xx_hal_flash.o
LOAD ./Drivers/STM32F2xx_HAL_Driver/Src/stm32f2xx_hal_flash_ex.o
LOAD ./Drivers/STM32F2xx_HAL_Driver/Src/stm32f2xx_hal_gpio.o
LOAD ./Drivers/STM32F2xx_HAL_Driver/Src/stm32f2xx_hal_pwr.o
LOAD ./Drivers/STM32F2xx_HAL_Driver/Src/stm32f2xx_hal_pwr_ex.o
LOAD ./Drivers/STM32F2xx_HAL_Driver/Src/stm32f2xx_hal_rcc.o
LOAD ./Drivers/STM32F2xx_HAL_Driver/Src/stm32f2xx_hal_rcc_ex.o
LOAD ./Drivers/STM32F2xx_HAL_Driver/Src/stm32f2xx_hal_tim.o
LOAD ./Drivers/STM32F2xx_HAL_Driver/Src/stm32f2xx_hal_tim_ex.o
LOAD ./Drivers/STM32F2xx_HAL_Driver/Src/stm32f2xx_hal_uart.o
START GROUP
LOAD C:/ST/STM32CubeIDE_1.11.0/STM32CubeIDE/plugins/com.st.stm32cube.ide.mcu.externaltools.gnu-tools-for-stm32.11.3.rel1.win32_1.1.1.202309131626/tools/bin/../lib/gcc/arm-none-eabi/11.3.1/../../../../arm-none-eabi/lib/thumb/v7-m/nofp\libc_nano.a
LOAD C:/ST/STM32CubeIDE_1.11.0/STM32CubeIDE/plugins/com.st.stm32cube.ide.mcu.externaltools.gnu-tools-for-stm32.11.3.rel1.win32_1.1.1.202309131626/tools/bin/../lib/gcc/arm-none-eabi/11.3.1/../../../../arm-none-eabi/lib/thumb/v7-m/nofp\libm.a
END GROUP
START GROUP
LOAD C:/ST/STM32CubeIDE_1.11.0/STM32CubeIDE/plugins/com.st.stm32cube.ide.mcu.externaltools.gnu-tools-for-stm32.11.3.rel1.win32_1.1.1.202309131626/tools/bin/../lib/gcc/arm-none-eabi/11.3.1/thumb/v7-m/nofp\libgcc.a
LOAD C:/ST/STM32CubeIDE_1.11.0/STM32CubeIDE/plugins/com.st.stm32cube.ide.mcu.externaltools.gnu-tools-for-stm32.11.3.rel1.win32_1.1.1.202309131626/tools/bin/../lib/gcc/arm-none-eabi/11.3.1/../../../../arm-none-eabi/lib/thumb/v7-m/nofp\libc_nano.a
END GROUP
START GROUP
LOAD C:/ST/STM32CubeIDE_1.11.0/STM32CubeIDE/plugins/com.st.stm32cube.ide.mcu.externaltools.gnu-tools-for-stm32.11.3.rel1.win32_1.1.1.202309131626/tools/bin/../lib/gcc/arm-none-eabi/11.3.1/thumb/v7-m/nofp\libgcc.a
LOAD C:/ST/STM32CubeIDE_1.11.0/STM32CubeIDE/plugins/com.st.stm32cube.ide.mcu.externaltools.gnu-tools-for-stm32.11.3.rel1.win32_1.1.1.202309131626/tools/bin/../lib/gcc/arm-none-eabi/11.3.1/../../../../arm-none-eabi/lib/thumb/v7-m/nofp\libc_nano.a
LOAD C:/ST/STM32CubeIDE_1.11.0/STM32CubeIDE/plugins/com.st.stm32cube.ide.mcu.externaltools.gnu-tools-for-stm32.11.3.rel1.win32_1.1.1.202309131626/tools/bin/../lib/gcc/arm-none-eabi/11.3.1/../../../../arm-none-eabi/lib/thumb/v7-m/nofp\libnosys.a
END GROUP
START GROUP
LOAD C:/ST/STM32CubeIDE_1.11.0/STM32CubeIDE/plugins/com.st.stm32cube.ide.mcu.externaltools.gnu-tools-for-stm32.11.3.rel1.win32_1.1.1.202309131626/tools/bin/../lib/gcc/arm-none-eabi/11.3.1/thumb/v7-m/nofp\libgcc.a
LOAD C:/ST/STM32CubeIDE_1.11.0/STM32CubeIDE/plugins/com.st.stm32cube.ide.mcu.externaltools.gnu-tools-for-stm32.11.3.rel1.win32_1.1.1.202309131626/tools/bin/../lib/gcc/arm-none-eabi/11.3.1/../../../../arm-none-eabi/lib/thumb/v7-m/nofp\libc_nano.a
LOAD C:/ST/STM32CubeIDE_1.11.0/STM32CubeIDE/plugins/com.st.stm32cube.ide.mcu.externaltools.gnu-tools-for-stm32.11.3.rel1.win32_1.1.1.202309131626/tools/bin/../lib/gcc/arm-none-eabi/11.3.1/../../../../arm-none-eabi/lib/thumb/v7-m/nofp\libnosys.a
END GROUP
LOAD C:/ST/STM32CubeIDE_1.11.0/STM32CubeIDE/plugins/com.st.stm32cube.ide.mcu.externaltools.gnu-tools-for-stm32.11.3.rel1.win32_1.1.1.202309131626/tools/bin/../lib/gcc/arm-none-eabi/11.3.1/thumb/v7-m/nofp/crtend.o
LOAD C:/ST/STM32CubeIDE_1.11.0/STM32CubeIDE/plugins/com.st.stm32cube.ide.mcu.externaltools.gnu-tools-for-stm32.11.3.rel1.win32_1.1.1.202309131626/tools/bin/../lib/gcc/arm-none-eabi/11.3.1/thumb/v7-m/nofp/crtn.o
                0x0000000020020000                _estack = (ORIGIN (RAM) + LENGTH (RAM))
                0x0000000000000200                _Min_Heap_Size = 0x200
                0x0000000000000400                _Min_Stack_Size = 0x400

.isr_vector     0x0000000008000000      0x184
                0x0000000008000000                . = ALIGN (0x4)
 *(.isr_vector)
 .isr_vector    0x0000000008000000      0x184 ./Core/Startup/startup_stm32f205retx.o
                0x0000000008000000                g_pfnVectors
                0x0000000008000184                . = ALIGN (0x4)

.text           0x0000000008000184     0x296c
                0x0000000008000184                . = ALIGN (0x4)
 *(.text)
 .text          0x0000000008000184       0x40 C:/ST/STM32CubeIDE_1.11.0/STM32CubeIDE/plugins/com.st.stm32cube.ide.mcu.externaltools.gnu-tools-for-stm32.11.3.rel1.win32_1.1.1.202309131626/tools/bin/../lib/gcc/arm-none-eabi/11.3.1/thumb/v7-m/nofp/crtbegin.o
 .text          0x00000000080001c4       0x30 C:/ST/STM32CubeIDE_1.11.0/STM32CubeIDE/plugins/com.st.stm32cube.ide.mcu.externaltools.gnu-tools-for-stm32.11.3.rel1.win32_1.1.1.202309131626/tools/bin/../lib/gcc/arm-none-eabi/11.3.1/thumb/v7-m/nofp\libgcc.a(_aeabi_uldivmod.o)
                0x00000000080001c4                __aeabi_uldivmod
 .text          0x00000000080001f4      0x2cc C:/ST/STM32CubeIDE_1.11.0/STM32CubeIDE/plugins/com.st.stm32cube.ide.mcu.externaltools.gnu-tools-for-stm32.11.3.rel1.win32_1.1.1.202309131626/tools/bin/../lib/gcc/arm-none-eabi/11.3.1/thumb/v7-m/nofp\libgcc.a(_udivmoddi4.o)
                0x00000000080001f4                __udivmoddi4
 .text          0x00000000080004c0        0x4 C:/ST/STM32CubeIDE_1.11.0/STM32CubeIDE/plugins/com.st.stm32cube.ide.mcu.externaltools.gnu-tools-for-stm32.11.3.rel1.win32_1.1.1.202309131626/tools/bin/../lib/gcc/arm-none-eabi/11.3.1/thumb/v7-m/nofp\libgcc.a(_dvmd_tls.o)
                0x00000000080004c0                __aeabi_idiv0
                0x00000000080004c0                __aeabi_ldiv0
 *(.text*)
 .text.flash_erase
                0x00000000080004c4       0x56 ./Core/Src/flash.o
                0x00000000080004c4                flash_erase
 .text.flash_write
                0x000000000800051a       0x86 ./Core/Src/flash.o
                0x000000000800051a                flash_write
 .text.flash_jump_to_app
                0x00000000080005a0       0x34 ./Core/Src/flash.o
                0x00000000080005a0                flash_jump_to_app
 .text.main     0x00000000080005d4       0x58 ./Core/Src/main.o
                0x00000000080005d4                main
 .text.SystemClock_Config
                0x000000000800062c       0x76 ./Core/Src/main.o
                0x000000000800062c                SystemClock_Config
 *fill*         0x00000000080006a2        0x2 
 .text.MX_USART2_UART_Init
                0x00000000080006a4       0x54 ./Core/Src/main.o
 .text.MX_GPIO_Init
                0x00000000080006f8       0x30 ./Core/Src/main.o
 .text.Error_Handler
                0x0000000008000728        0xa ./Core/Src/main.o
                0x0000000008000728                Error_Handler
 *fill*         0x0000000008000732        0x2 
 .text.HAL_MspInit
                0x0000000008000734       0x4c ./Core/Src/stm32f2xx_hal_msp.o
                0x0000000008000734                HAL_MspInit
 .text.HAL_UART_MspInit
                0x0000000008000780       0x90 ./Core/Src/stm32f2xx_hal_msp.o
                0x0000000008000780                HAL_UART_MspInit
 .text.NMI_Handler
                0x0000000008000810        0x6 ./Core/Src/stm32f2xx_it.o
                0x0000000008000810                NMI_Handler
 .text.HardFault_Handler
                0x0000000008000816        0x6 ./Core/Src/stm32f2xx_it.o
                0x0000000008000816                HardFault_Handler
 .text.MemManage_Handler
                0x000000000800081c        0x6 ./Core/Src/stm32f2xx_it.o
                0x000000000800081c                MemManage_Handler
 .text.BusFault_Handler
                0x0000000008000822        0x6 ./Core/Src/stm32f2xx_it.o
                0x0000000008000822                BusFault_Handler
 .text.UsageFault_Handler
                0x0000000008000828        0x6 ./Core/Src/stm32f2xx_it.o
                0x0000000008000828                UsageFault_Handler
 .text.SVC_Handler
                0x000000000800082e        0xc ./Core/Src/stm32f2xx_it.o
                0x000000000800082e                SVC_Handler
 .text.DebugMon_Handler
                0x000000000800083a        0xc ./Core/Src/stm32f2xx_it.o
                0x000000000800083a                DebugMon_Handler
 .text.PendSV_Handler
                0x0000000008000846        0xc ./Core/Src/stm32f2xx_it.o
                0x0000000008000846                PendSV_Handler
 .text.SysTick_Handler
                0x0000000008000852        0xc ./Core/Src/stm32f2xx_it.o
                0x0000000008000852                SysTick_Handler
 .text.SystemInit
                0x000000000800085e        0xc ./Core/Src/system_stm32f2xx.o
                0x000000000800085e                SystemInit
 *fill*         0x000000000800086a        0x2 
 .text.uart_receive
                0x000000000800086c       0x38 ./Core/Src/uart.o
                0x000000000800086c                uart_receive
 .text.uart_transmit_str
                0x00000000080008a4       0x4c ./Core/Src/uart.o
                0x00000000080008a4                uart_transmit_str
 .text.uart_transmit_ch
                0x00000000080008f0       0x48 ./Core/Src/uart.o
                0x00000000080008f0                uart_transmit_ch
 .text.xmodem_receive
                0x0000000008000938      0x124 ./Core/Src/xmodem.o
                0x0000000008000938                xmodem_receive
 .text.xmodem_calc_crc
                0x0000000008000a5c       0x72 ./Core/Src/xmodem.o
 *fill*         0x0000000008000ace        0x2 
 .text.xmodem_handle_packet
                0x0000000008000ad0      0x1f0 ./Core/Src/xmodem.o
 .text.xmodem_error_handler
                0x0000000008000cc0       0x4c ./Core/Src/xmodem.o
 .text.Reset_Handler
                0x0000000008000d0c       0x50 ./Core/Startup/startup_stm32f205retx.o
                0x0000000008000d0c                Reset_Handler
 .text.Default_Handler
                0x0000000008000d5c        0x2 ./Core/Startup/startup_stm32f205retx.o
                0x0000000008000d5c                RTC_Alarm_IRQHandler
                0x0000000008000d5c                HASH_RNG_IRQHandler
                0x0000000008000d5c                EXTI2_IRQHandler
                0x0000000008000d5c                TIM8_CC_IRQHandler
                0x0000000008000d5c                TIM1_CC_IRQHandler
                0x0000000008000d5c                DMA2_Stream5_IRQHandler
                0x0000000008000d5c                DMA1_Stream5_IRQHandler
                0x0000000008000d5c                PVD_IRQHandler
                0x0000000008000d5c                SDIO_IRQHandler
                0x0000000008000d5c                TAMP_STAMP_IRQHandler
                0x0000000008000d5c                CAN2_RX1_IRQHandler
                0x0000000008000d5c                EXTI3_IRQHandler
                0x0000000008000d5c                TIM8_TRG_COM_TIM14_IRQHandler
                0x0000000008000d5c                TIM1_UP_TIM10_IRQHandler
                0x0000000008000d5c                TIM8_UP_TIM13_IRQHandler
                0x0000000008000d5c                I2C3_ER_IRQHandler
                0x0000000008000d5c                EXTI0_IRQHandler
                0x0000000008000d5c                I2C2_EV_IRQHandler
                0x0000000008000d5c                DMA1_Stream2_IRQHandler
                0x0000000008000d5c                CAN1_RX0_IRQHandler
                0x0000000008000d5c                OTG_HS_WKUP_IRQHandler
                0x0000000008000d5c                CAN2_SCE_IRQHandler
                0x0000000008000d5c                DMA2_Stream2_IRQHandler
                0x0000000008000d5c                SPI1_IRQHandler
                0x0000000008000d5c                TIM6_DAC_IRQHandler
                0x0000000008000d5c                TIM1_BRK_TIM9_IRQHandler
                0x0000000008000d5c                CAN2_RX0_IRQHandler
                0x0000000008000d5c                DMA2_Stream3_IRQHandler
                0x0000000008000d5c                USART6_IRQHandler
                0x0000000008000d5c                USART3_IRQHandler
                0x0000000008000d5c                CAN1_RX1_IRQHandler
                0x0000000008000d5c                UART5_IRQHandler
                0x0000000008000d5c                DMA2_Stream0_IRQHandler
                0x0000000008000d5c                TIM4_IRQHandler
                0x0000000008000d5c                I2C1_EV_IRQHandler
                0x0000000008000d5c                DMA1_Stream6_IRQHandler
                0x0000000008000d5c                DMA1_Stream1_IRQHandler
                0x0000000008000d5c                UART4_IRQHandler
                0x0000000008000d5c                TIM3_IRQHandler
                0x0000000008000d5c                RCC_IRQHandler
                0x0000000008000d5c                TIM8_BRK_TIM12_IRQHandler
                0x0000000008000d5c                Default_Handler
                0x0000000008000d5c                EXTI15_10_IRQHandler
                0x0000000008000d5c                ADC_IRQHandler
                0x0000000008000d5c                DMA1_Stream7_IRQHandler
                0x0000000008000d5c                TIM7_IRQHandler
                0x0000000008000d5c                CAN2_TX_IRQHandler
                0x0000000008000d5c                TIM5_IRQHandler
                0x0000000008000d5c                DMA2_Stream7_IRQHandler
                0x0000000008000d5c                I2C3_EV_IRQHandler
                0x0000000008000d5c                EXTI9_5_IRQHandler
                0x0000000008000d5c                RTC_WKUP_IRQHandler
                0x0000000008000d5c                SPI2_IRQHandler
                0x0000000008000d5c                OTG_HS_EP1_IN_IRQHandler
                0x0000000008000d5c                DMA1_Stream0_IRQHandler
                0x0000000008000d5c                CAN1_TX_IRQHandler
                0x0000000008000d5c                EXTI4_IRQHandler
                0x0000000008000d5c                FSMC_IRQHandler
                0x0000000008000d5c                OTG_HS_EP1_OUT_IRQHandler
                0x0000000008000d5c                WWDG_IRQHandler
                0x0000000008000d5c                TIM2_IRQHandler
                0x0000000008000d5c                OTG_FS_WKUP_IRQHandler
                0x0000000008000d5c                TIM1_TRG_COM_TIM11_IRQHandler
                0x0000000008000d5c                OTG_HS_IRQHandler
                0x0000000008000d5c                EXTI1_IRQHandler
                0x0000000008000d5c                USART2_IRQHandler
                0x0000000008000d5c                I2C2_ER_IRQHandler
                0x0000000008000d5c                DMA2_Stream1_IRQHandler
                0x0000000008000d5c                CAN1_SCE_IRQHandler
                0x0000000008000d5c                FLASH_IRQHandler
                0x0000000008000d5c                DMA2_Stream4_IRQHandler
                0x0000000008000d5c                USART1_IRQHandler
                0x0000000008000d5c                OTG_FS_IRQHandler
                0x0000000008000d5c                SPI3_IRQHandler
                0x0000000008000d5c                DMA1_Stream4_IRQHandler
                0x0000000008000d5c                I2C1_ER_IRQHandler
                0x0000000008000d5c                DMA2_Stream6_IRQHandler
                0x0000000008000d5c                DMA1_Stream3_IRQHandler
 *fill*         0x0000000008000d5e        0x2 
 .text.HAL_Init
                0x0000000008000d60       0x44 ./Drivers/STM32F2xx_HAL_Driver/Src/stm32f2xx_hal.o
                0x0000000008000d60                HAL_Init
 .text.HAL_DeInit
                0x0000000008000da4       0x58 ./Drivers/STM32F2xx_HAL_Driver/Src/stm32f2xx_hal.o
                0x0000000008000da4                HAL_DeInit
 .text.HAL_MspDeInit
                0x0000000008000dfc        0xc ./Drivers/STM32F2xx_HAL_Driver/Src/stm32f2xx_hal.o
                0x0000000008000dfc                HAL_MspDeInit
 .text.HAL_InitTick
                0x0000000008000e08       0x60 ./Drivers/STM32F2xx_HAL_Driver/Src/stm32f2xx_hal.o
                0x0000000008000e08                HAL_InitTick
 .text.HAL_IncTick
                0x0000000008000e68       0x24 ./Drivers/STM32F2xx_HAL_Driver/Src/stm32f2xx_hal.o
                0x0000000008000e68                HAL_IncTick
 .text.HAL_GetTick
                0x0000000008000e8c       0x14 ./Drivers/STM32F2xx_HAL_Driver/Src/stm32f2xx_hal.o
                0x0000000008000e8c                HAL_GetTick
 .text.__NVIC_SetPriorityGrouping
                0x0000000008000ea0       0x48 ./Drivers/STM32F2xx_HAL_Driver/Src/stm32f2xx_hal_cortex.o
 .text.__NVIC_GetPriorityGrouping
                0x0000000008000ee8       0x1c ./Drivers/STM32F2xx_HAL_Driver/Src/stm32f2xx_hal_cortex.o
 .text.__NVIC_SetPriority
                0x0000000008000f04       0x54 ./Drivers/STM32F2xx_HAL_Driver/Src/stm32f2xx_hal_cortex.o
 .text.NVIC_EncodePriority
                0x0000000008000f58       0x64 ./Drivers/STM32F2xx_HAL_Driver/Src/stm32f2xx_hal_cortex.o
 .text.SysTick_Config
                0x0000000008000fbc       0x44 ./Drivers/STM32F2xx_HAL_Driver/Src/stm32f2xx_hal_cortex.o
 .text.HAL_NVIC_SetPriorityGrouping
                0x0000000008001000       0x16 ./Drivers/STM32F2xx_HAL_Driver/Src/stm32f2xx_hal_cortex.o
                0x0000000008001000                HAL_NVIC_SetPriorityGrouping
 .text.HAL_NVIC_SetPriority
                0x0000000008001016       0x38 ./Drivers/STM32F2xx_HAL_Driver/Src/stm32f2xx_hal_cortex.o
                0x0000000008001016                HAL_NVIC_SetPriority
 .text.HAL_SYSTICK_Config
                0x000000000800104e       0x18 ./Drivers/STM32F2xx_HAL_Driver/Src/stm32f2xx_hal_cortex.o
                0x000000000800104e                HAL_SYSTICK_Config
 .text.HAL_DMA_Abort
                0x0000000008001066       0xe0 ./Drivers/STM32F2xx_HAL_Driver/Src/stm32f2xx_hal_dma.o
                0x0000000008001066                HAL_DMA_Abort
 .text.HAL_DMA_GetError
                0x0000000008001146       0x16 ./Drivers/STM32F2xx_HAL_Driver/Src/stm32f2xx_hal_dma.o
                0x0000000008001146                HAL_DMA_GetError
 .text.HAL_FLASH_Program
                0x000000000800115c       0xa8 ./Drivers/STM32F2xx_HAL_Driver/Src/stm32f2xx_hal_flash.o
                0x000000000800115c                HAL_FLASH_Program
 .text.HAL_FLASH_Unlock
                0x0000000008001204       0x44 ./Drivers/STM32F2xx_HAL_Driver/Src/stm32f2xx_hal_flash.o
                0x0000000008001204                HAL_FLASH_Unlock
 .text.HAL_FLASH_Lock
                0x0000000008001248       0x20 ./Drivers/STM32F2xx_HAL_Driver/Src/stm32f2xx_hal_flash.o
                0x0000000008001248                HAL_FLASH_Lock
 .text.FLASH_WaitForLastOperation
                0x0000000008001268       0x80 ./Drivers/STM32F2xx_HAL_Driver/Src/stm32f2xx_hal_flash.o
                0x0000000008001268                FLASH_WaitForLastOperation
 .text.FLASH_Program_DoubleWord
                0x00000000080012e8       0x64 ./Drivers/STM32F2xx_HAL_Driver/Src/stm32f2xx_hal_flash.o
 .text.FLASH_Program_Word
                0x000000000800134c       0x44 ./Drivers/STM32F2xx_HAL_Driver/Src/stm32f2xx_hal_flash.o
 .text.FLASH_Program_HalfWord
                0x0000000008001390       0x44 ./Drivers/STM32F2xx_HAL_Driver/Src/stm32f2xx_hal_flash.o
 .text.FLASH_Program_Byte
                0x00000000080013d4       0x40 ./Drivers/STM32F2xx_HAL_Driver/Src/stm32f2xx_hal_flash.o
 .text.FLASH_SetErrorCode
                0x0000000008001414       0xac ./Drivers/STM32F2xx_HAL_Driver/Src/stm32f2xx_hal_flash.o
 .text.HAL_FLASHEx_Erase
                0x00000000080014c0       0xe0 ./Drivers/STM32F2xx_HAL_Driver/Src/stm32f2xx_hal_flash_ex.o
                0x00000000080014c0                HAL_FLASHEx_Erase
 .text.FLASH_Erase_Sector
                0x00000000080015a0       0xa4 ./Drivers/STM32F2xx_HAL_Driver/Src/stm32f2xx_hal_flash_ex.o
                0x00000000080015a0                FLASH_Erase_Sector
 .text.FLASH_FlushCaches
                0x0000000008001644       0x88 ./Drivers/STM32F2xx_HAL_Driver/Src/stm32f2xx_hal_flash_ex.o
                0x0000000008001644                FLASH_FlushCaches
 .text.FLASH_MassErase
                0x00000000080016cc       0x44 ./Drivers/STM32F2xx_HAL_Driver/Src/stm32f2xx_hal_flash_ex.o
 .text.HAL_GPIO_Init
                0x0000000008001710      0x33c ./Drivers/STM32F2xx_HAL_Driver/Src/stm32f2xx_hal_gpio.o
                0x0000000008001710                HAL_GPIO_Init
 .text.HAL_RCC_OscConfig
                0x0000000008001a4c      0x4a8 ./Drivers/STM32F2xx_HAL_Driver/Src/stm32f2xx_hal_rcc.o
                0x0000000008001a4c                HAL_RCC_OscConfig
 .text.HAL_RCC_ClockConfig
                0x0000000008001ef4      0x1d8 ./Drivers/STM32F2xx_HAL_Driver/Src/stm32f2xx_hal_rcc.o
                0x0000000008001ef4                HAL_RCC_ClockConfig
 .text.HAL_RCC_GetSysClockFreq
                0x00000000080020cc      0x18c ./Drivers/STM32F2xx_HAL_Driver/Src/stm32f2xx_hal_rcc.o
                0x00000000080020cc                HAL_RCC_GetSysClockFreq
 .text.HAL_RCC_GetHCLKFreq
                0x0000000008002258       0x14 ./Drivers/STM32F2xx_HAL_Driver/Src/stm32f2xx_hal_rcc.o
                0x0000000008002258                HAL_RCC_GetHCLKFreq
 .text.HAL_RCC_GetPCLK1Freq
                0x000000000800226c       0x44 ./Drivers/STM32F2xx_HAL_Driver/Src/stm32f2xx_hal_rcc.o
                0x000000000800226c                HAL_RCC_GetPCLK1Freq
 .text.HAL_RCC_GetPCLK2Freq
                0x00000000080022b0       0x44 ./Drivers/STM32F2xx_HAL_Driver/Src/stm32f2xx_hal_rcc.o
                0x00000000080022b0                HAL_RCC_GetPCLK2Freq
 .text.HAL_UART_Init
                0x00000000080022f4       0xa0 ./Drivers/STM32F2xx_HAL_Driver/Src/stm32f2xx_hal_uart.o
                0x00000000080022f4                HAL_UART_Init
 .text.HAL_UART_Transmit
                0x0000000008002394      0x106 ./Drivers/STM32F2xx_HAL_Driver/Src/stm32f2xx_hal_uart.o
                0x0000000008002394                HAL_UART_Transmit
 .text.HAL_UART_Receive
                0x000000000800249a      0x124 ./Drivers/STM32F2xx_HAL_Driver/Src/stm32f2xx_hal_uart.o
                0x000000000800249a                HAL_UART_Receive
 .text.HAL_UART_Abort
                0x00000000080025be      0x1d6 ./Drivers/STM32F2xx_HAL_Driver/Src/stm32f2xx_hal_uart.o
                0x00000000080025be                HAL_UART_Abort
 .text.HAL_UART_GetState
                0x0000000008002794       0x3a ./Drivers/STM32F2xx_HAL_Driver/Src/stm32f2xx_hal_uart.o
                0x0000000008002794                HAL_UART_GetState
 .text.UART_WaitOnFlagUntilTimeout
                0x00000000080027ce       0xdc ./Drivers/STM32F2xx_HAL_Driver/Src/stm32f2xx_hal_uart.o
 *fill*         0x00000000080028aa        0x2 
 .text.UART_SetConfig
                0x00000000080028ac      0x1d4 ./Drivers/STM32F2xx_HAL_Driver/Src/stm32f2xx_hal_uart.o
 .text.memset   0x0000000008002a80       0x10 C:/ST/STM32CubeIDE_1.11.0/STM32CubeIDE/plugins/com.st.stm32cube.ide.mcu.externaltools.gnu-tools-for-stm32.11.3.rel1.win32_1.1.1.202309131626/tools/bin/../lib/gcc/arm-none-eabi/11.3.1/../../../../arm-none-eabi/lib/thumb/v7-m/nofp\libc_nano.a(libc_a-memset.o)
                0x0000000008002a80                memset
 .text.__libc_init_array
                0x0000000008002a90       0x48 C:/ST/STM32CubeIDE_1.11.0/STM32CubeIDE/plugins/com.st.stm32cube.ide.mcu.externaltools.gnu-tools-for-stm32.11.3.rel1.win32_1.1.1.202309131626/tools/bin/../lib/gcc/arm-none-eabi/11.3.1/../../../../arm-none-eabi/lib/thumb/v7-m/nofp\libc_nano.a(libc_a-init.o)
                0x0000000008002a90                __libc_init_array
 *(.glue_7)
 .glue_7        0x0000000008002ad8        0x0 linker stubs
 *(.glue_7t)
 .glue_7t       0x0000000008002ad8        0x0 linker stubs
 *(.eh_frame)
 .eh_frame      0x0000000008002ad8        0x0 C:/ST/STM32CubeIDE_1.11.0/STM32CubeIDE/plugins/com.st.stm32cube.ide.mcu.externaltools.gnu-tools-for-stm32.11.3.rel1.win32_1.1.1.202309131626/tools/bin/../lib/gcc/arm-none-eabi/11.3.1/thumb/v7-m/nofp/crtbegin.o
 *(.init)
 .init          0x0000000008002ad8        0x4 C:/ST/STM32CubeIDE_1.11.0/STM32CubeIDE/plugins/com.st.stm32cube.ide.mcu.externaltools.gnu-tools-for-stm32.11.3.rel1.win32_1.1.1.202309131626/tools/bin/../lib/gcc/arm-none-eabi/11.3.1/thumb/v7-m/nofp/crti.o
                0x0000000008002ad8                _init
 .init          0x0000000008002adc        0x8 C:/ST/STM32CubeIDE_1.11.0/STM32CubeIDE/plugins/com.st.stm32cube.ide.mcu.externaltools.gnu-tools-for-stm32.11.3.rel1.win32_1.1.1.202309131626/tools/bin/../lib/gcc/arm-none-eabi/11.3.1/thumb/v7-m/nofp/crtn.o
 *(.fini)
 .fini          0x0000000008002ae4        0x4 C:/ST/STM32CubeIDE_1.11.0/STM32CubeIDE/plugins/com.st.stm32cube.ide.mcu.externaltools.gnu-tools-for-stm32.11.3.rel1.win32_1.1.1.202309131626/tools/bin/../lib/gcc/arm-none-eabi/11.3.1/thumb/v7-m/nofp/crti.o
                0x0000000008002ae4                _fini
 .fini          0x0000000008002ae8        0x8 C:/ST/STM32CubeIDE_1.11.0/STM32CubeIDE/plugins/com.st.stm32cube.ide.mcu.externaltools.gnu-tools-for-stm32.11.3.rel1.win32_1.1.1.202309131626/tools/bin/../lib/gcc/arm-none-eabi/11.3.1/thumb/v7-m/nofp/crtn.o
                0x0000000008002af0                . = ALIGN (0x4)
                0x0000000008002af0                _etext = .

.vfp11_veneer   0x0000000008002af0        0x0
 .vfp11_veneer  0x0000000008002af0        0x0 linker stubs

.v4_bx          0x0000000008002af0        0x0
 .v4_bx         0x0000000008002af0        0x0 linker stubs

.iplt           0x0000000008002af0        0x0
 .iplt          0x0000000008002af0        0x0 C:/ST/STM32CubeIDE_1.11.0/STM32CubeIDE/plugins/com.st.stm32cube.ide.mcu.externaltools.gnu-tools-for-stm32.11.3.rel1.win32_1.1.1.202309131626/tools/bin/../lib/gcc/arm-none-eabi/11.3.1/thumb/v7-m/nofp/crtbegin.o

.rodata         0x0000000008002af0      0x14c
                0x0000000008002af0                . = ALIGN (0x4)
 *(.rodata)
 .rodata        0x0000000008002af0       0xf8 ./Core/Src/main.o
 .rodata        0x0000000008002be8       0x39 ./Core/Src/xmodem.o
 *(.rodata*)
 *fill*         0x0000000008002c21        0x3 
 .rodata.AHBPrescTable
                0x0000000008002c24       0x10 ./Core/Src/system_stm32f2xx.o
                0x0000000008002c24                AHBPrescTable
 .rodata.APBPrescTable
                0x0000000008002c34        0x8 ./Core/Src/system_stm32f2xx.o
                0x0000000008002c34                APBPrescTable
                0x0000000008002c3c                . = ALIGN (0x4)

.ARM.extab      0x0000000008002c3c        0x0
                0x0000000008002c3c                . = ALIGN (0x4)
 *(.ARM.extab* .gnu.linkonce.armextab.*)
                0x0000000008002c3c                . = ALIGN (0x4)

.ARM            0x0000000008002c3c        0x8
                0x0000000008002c3c                . = ALIGN (0x4)
                0x0000000008002c3c                __exidx_start = .
 *(.ARM.exidx*)
 .ARM.exidx     0x0000000008002c3c        0x8 C:/ST/STM32CubeIDE_1.11.0/STM32CubeIDE/plugins/com.st.stm32cube.ide.mcu.externaltools.gnu-tools-for-stm32.11.3.rel1.win32_1.1.1.202309131626/tools/bin/../lib/gcc/arm-none-eabi/11.3.1/thumb/v7-m/nofp\libgcc.a(_udivmoddi4.o)
                0x0000000008002c44                __exidx_end = .
                0x0000000008002c44                . = ALIGN (0x4)

.rel.dyn        0x0000000008002c44        0x0
 .rel.iplt      0x0000000008002c44        0x0 C:/ST/STM32CubeIDE_1.11.0/STM32CubeIDE/plugins/com.st.stm32cube.ide.mcu.externaltools.gnu-tools-for-stm32.11.3.rel1.win32_1.1.1.202309131626/tools/bin/../lib/gcc/arm-none-eabi/11.3.1/thumb/v7-m/nofp/crtbegin.o

.preinit_array  0x0000000008002c44        0x0
                0x0000000008002c44                . = ALIGN (0x4)
                0x0000000008002c44                PROVIDE (__preinit_array_start = .)
 *(.preinit_array*)
                0x0000000008002c44                PROVIDE (__preinit_array_end = .)
                0x0000000008002c44                . = ALIGN (0x4)

.init_array     0x0000000008002c44        0x4
                0x0000000008002c44                . = ALIGN (0x4)
                0x0000000008002c44                PROVIDE (__init_array_start = .)
 *(SORT_BY_NAME(.init_array.*))
 *(.init_array*)
 .init_array    0x0000000008002c44        0x4 C:/ST/STM32CubeIDE_1.11.0/STM32CubeIDE/plugins/com.st.stm32cube.ide.mcu.externaltools.gnu-tools-for-stm32.11.3.rel1.win32_1.1.1.202309131626/tools/bin/../lib/gcc/arm-none-eabi/11.3.1/thumb/v7-m/nofp/crtbegin.o
                0x0000000008002c48                PROVIDE (__init_array_end = .)
                0x0000000008002c48                . = ALIGN (0x4)

.fini_array     0x0000000008002c48        0x4
                0x0000000008002c48                . = ALIGN (0x4)
                [!provide]                        PROVIDE (__fini_array_start = .)
 *(SORT_BY_NAME(.fini_array.*))
 *(.fini_array*)
 .fini_array    0x0000000008002c48        0x4 C:/ST/STM32CubeIDE_1.11.0/STM32CubeIDE/plugins/com.st.stm32cube.ide.mcu.externaltools.gnu-tools-for-stm32.11.3.rel1.win32_1.1.1.202309131626/tools/bin/../lib/gcc/arm-none-eabi/11.3.1/thumb/v7-m/nofp/crtbegin.o
                [!provide]                        PROVIDE (__fini_array_end = .)
                0x0000000008002c4c                . = ALIGN (0x4)
                0x0000000008002c4c                _sidata = LOADADDR (.data)

.data           0x0000000020000000       0x10 load address 0x0000000008002c4c
                0x0000000020000000                . = ALIGN (0x4)
                0x0000000020000000                _sdata = .
 *(.data)
 *(.data*)
 .data.SystemCoreClock
                0x0000000020000000        0x4 ./Core/Src/system_stm32f2xx.o
                0x0000000020000000                SystemCoreClock
 .data.xmodem_packet_number
                0x0000000020000004        0x1 ./Core/Src/xmodem.o
 *fill*         0x0000000020000005        0x3 
 .data.uwTickPrio
                0x0000000020000008        0x4 ./Drivers/STM32F2xx_HAL_Driver/Src/stm32f2xx_hal.o
                0x0000000020000008                uwTickPrio
 .data.uwTickFreq
                0x000000002000000c        0x1 ./Drivers/STM32F2xx_HAL_Driver/Src/stm32f2xx_hal.o
                0x000000002000000c                uwTickFreq
 *(.RamFunc)
 *(.RamFunc*)
                0x0000000020000010                . = ALIGN (0x4)
 *fill*         0x000000002000000d        0x3 
                0x0000000020000010                _edata = .

.igot.plt       0x0000000020000010        0x0 load address 0x0000000008002c5c
 .igot.plt      0x0000000020000010        0x0 C:/ST/STM32CubeIDE_1.11.0/STM32CubeIDE/plugins/com.st.stm32cube.ide.mcu.externaltools.gnu-tools-for-stm32.11.3.rel1.win32_1.1.1.202309131626/tools/bin/../lib/gcc/arm-none-eabi/11.3.1/thumb/v7-m/nofp/crtbegin.o
                0x0000000020000010                . = ALIGN (0x4)

.bss            0x0000000020000010       0x90 load address 0x0000000008002c5c
                0x0000000020000010                _sbss = .
                0x0000000020000010                __bss_start__ = _sbss
 *(.bss)
 .bss           0x0000000020000010       0x1c C:/ST/STM32CubeIDE_1.11.0/STM32CubeIDE/plugins/com.st.stm32cube.ide.mcu.externaltools.gnu-tools-for-stm32.11.3.rel1.win32_1.1.1.202309131626/tools/bin/../lib/gcc/arm-none-eabi/11.3.1/thumb/v7-m/nofp/crtbegin.o
 *(.bss*)
 .bss.huart2    0x000000002000002c       0x48 ./Core/Src/main.o
                0x000000002000002c                huart2
 .bss.xmodem_actual_flash_address
                0x0000000020000074        0x4 ./Core/Src/xmodem.o
 .bss.x_first_packet_received
                0x0000000020000078        0x1 ./Core/Src/xmodem.o
 *fill*         0x0000000020000079        0x3 
 .bss.uwTick    0x000000002000007c        0x4 ./Drivers/STM32F2xx_HAL_Driver/Src/stm32f2xx_hal.o
                0x000000002000007c                uwTick
 .bss.pFlash    0x0000000020000080       0x20 ./Drivers/STM32F2xx_HAL_Driver/Src/stm32f2xx_hal_flash.o
                0x0000000020000080                pFlash
 *(COMMON)
                0x00000000200000a0                . = ALIGN (0x4)
                0x00000000200000a0                _ebss = .
                0x00000000200000a0                __bss_end__ = _ebss

._user_heap_stack
                0x00000000200000a0      0x600 load address 0x0000000008002c5c
                0x00000000200000a0                . = ALIGN (0x8)
                [!provide]                        PROVIDE (end = .)
                0x00000000200000a0                PROVIDE (_end = .)
                0x00000000200002a0                . = (. + _Min_Heap_Size)
 *fill*         0x00000000200000a0      0x200 
                0x00000000200006a0                . = (. + _Min_Stack_Size)
 *fill*         0x00000000200002a0      0x400 
                0x00000000200006a0                . = ALIGN (0x8)

/DISCARD/
 libc.a(*)
 libm.a(*)
 libgcc.a(*)

.ARM.attributes
                0x0000000000000000       0x29
 *(.ARM.attributes)
 .ARM.attributes
                0x0000000000000000       0x1d C:/ST/STM32CubeIDE_1.11.0/STM32CubeIDE/plugins/com.st.stm32cube.ide.mcu.externaltools.gnu-tools-for-stm32.11.3.rel1.win32_1.1.1.202309131626/tools/bin/../lib/gcc/arm-none-eabi/11.3.1/thumb/v7-m/nofp/crti.o
 .ARM.attributes
                0x000000000000001d       0x2d C:/ST/STM32CubeIDE_1.11.0/STM32CubeIDE/plugins/com.st.stm32cube.ide.mcu.externaltools.gnu-tools-for-stm32.11.3.rel1.win32_1.1.1.202309131626/tools/bin/../lib/gcc/arm-none-eabi/11.3.1/thumb/v7-m/nofp/crtbegin.o
 .ARM.attributes
                0x000000000000004a       0x2d ./Core/Src/flash.o
 .ARM.attributes
                0x0000000000000077       0x2d ./Core/Src/main.o
 .ARM.attributes
                0x00000000000000a4       0x2d ./Core/Src/stm32f2xx_hal_msp.o
 .ARM.attributes
                0x00000000000000d1       0x2d ./Core/Src/stm32f2xx_it.o
 .ARM.attributes
                0x00000000000000fe       0x2d ./Core/Src/system_stm32f2xx.o
 .ARM.attributes
                0x000000000000012b       0x2d ./Core/Src/uart.o
 .ARM.attributes
                0x0000000000000158       0x2d ./Core/Src/xmodem.o
 .ARM.attributes
                0x0000000000000185       0x21 ./Core/Startup/startup_stm32f205retx.o
 .ARM.attributes
                0x00000000000001a6       0x2d ./Drivers/STM32F2xx_HAL_Driver/Src/stm32f2xx_hal.o
 .ARM.attributes
                0x00000000000001d3       0x2d ./Drivers/STM32F2xx_HAL_Driver/Src/stm32f2xx_hal_cortex.o
 .ARM.attributes
                0x0000000000000200       0x2d ./Drivers/STM32F2xx_HAL_Driver/Src/stm32f2xx_hal_dma.o
 .ARM.attributes
                0x000000000000022d       0x2d ./Drivers/STM32F2xx_HAL_Driver/Src/stm32f2xx_hal_flash.o
 .ARM.attributes
                0x000000000000025a       0x2d ./Drivers/STM32F2xx_HAL_Driver/Src/stm32f2xx_hal_flash_ex.o
 .ARM.attributes
                0x0000000000000287       0x2d ./Drivers/STM32F2xx_HAL_Driver/Src/stm32f2xx_hal_gpio.o
 .ARM.attributes
                0x00000000000002b4       0x2d ./Drivers/STM32F2xx_HAL_Driver/Src/stm32f2xx_hal_rcc.o
 .ARM.attributes
                0x00000000000002e1       0x2d ./Drivers/STM32F2xx_HAL_Driver/Src/stm32f2xx_hal_uart.o
 .ARM.attributes
                0x000000000000030e       0x2d C:/ST/STM32CubeIDE_1.11.0/STM32CubeIDE/plugins/com.st.stm32cube.ide.mcu.externaltools.gnu-tools-for-stm32.11.3.rel1.win32_1.1.1.202309131626/tools/bin/../lib/gcc/arm-none-eabi/11.3.1/../../../../arm-none-eabi/lib/thumb/v7-m/nofp\libc_nano.a(libc_a-memset.o)
 .ARM.attributes
                0x000000000000033b       0x2d C:/ST/STM32CubeIDE_1.11.0/STM32CubeIDE/plugins/com.st.stm32cube.ide.mcu.externaltools.gnu-tools-for-stm32.11.3.rel1.win32_1.1.1.202309131626/tools/bin/../lib/gcc/arm-none-eabi/11.3.1/../../../../arm-none-eabi/lib/thumb/v7-m/nofp\libc_nano.a(libc_a-init.o)
 .ARM.attributes
                0x0000000000000368       0x1d C:/ST/STM32CubeIDE_1.11.0/STM32CubeIDE/plugins/com.st.stm32cube.ide.mcu.externaltools.gnu-tools-for-stm32.11.3.rel1.win32_1.1.1.202309131626/tools/bin/../lib/gcc/arm-none-eabi/11.3.1/thumb/v7-m/nofp\libgcc.a(_aeabi_uldivmod.o)
 .ARM.attributes
                0x0000000000000385       0x2d C:/ST/STM32CubeIDE_1.11.0/STM32CubeIDE/plugins/com.st.stm32cube.ide.mcu.externaltools.gnu-tools-for-stm32.11.3.rel1.win32_1.1.1.202309131626/tools/bin/../lib/gcc/arm-none-eabi/11.3.1/thumb/v7-m/nofp\libgcc.a(_udivmoddi4.o)
 .ARM.attributes
                0x00000000000003b2       0x1d C:/ST/STM32CubeIDE_1.11.0/STM32CubeIDE/plugins/com.st.stm32cube.ide.mcu.externaltools.gnu-tools-for-stm32.11.3.rel1.win32_1.1.1.202309131626/tools/bin/../lib/gcc/arm-none-eabi/11.3.1/thumb/v7-m/nofp\libgcc.a(_dvmd_tls.o)
 .ARM.attributes
                0x00000000000003cf       0x1d C:/ST/STM32CubeIDE_1.11.0/STM32CubeIDE/plugins/com.st.stm32cube.ide.mcu.externaltools.gnu-tools-for-stm32.11.3.rel1.win32_1.1.1.202309131626/tools/bin/../lib/gcc/arm-none-eabi/11.3.1/thumb/v7-m/nofp/crtn.o
OUTPUT(STM32F2BOOTloader.elf elf32-littlearm)
LOAD linker stubs
LOAD C:/ST/STM32CubeIDE_1.11.0/STM32CubeIDE/plugins/com.st.stm32cube.ide.mcu.externaltools.gnu-tools-for-stm32.11.3.rel1.win32_1.1.1.202309131626/tools/bin/../lib/gcc/arm-none-eabi/11.3.1/../../../../arm-none-eabi/lib/thumb/v7-m/nofp\libc.a
LOAD C:/ST/STM32CubeIDE_1.11.0/STM32CubeIDE/plugins/com.st.stm32cube.ide.mcu.externaltools.gnu-tools-for-stm32.11.3.rel1.win32_1.1.1.202309131626/tools/bin/../lib/gcc/arm-none-eabi/11.3.1/../../../../arm-none-eabi/lib/thumb/v7-m/nofp\libm.a
LOAD C:/ST/STM32CubeIDE_1.11.0/STM32CubeIDE/plugins/com.st.stm32cube.ide.mcu.externaltools.gnu-tools-for-stm32.11.3.rel1.win32_1.1.1.202309131626/tools/bin/../lib/gcc/arm-none-eabi/11.3.1/thumb/v7-m/nofp\libgcc.a

.comment        0x0000000000000000       0x43
 .comment       0x0000000000000000       0x43 C:/ST/STM32CubeIDE_1.11.0/STM32CubeIDE/plugins/com.st.stm32cube.ide.mcu.externaltools.gnu-tools-for-stm32.11.3.rel1.win32_1.1.1.202309131626/tools/bin/../lib/gcc/arm-none-eabi/11.3.1/thumb/v7-m/nofp/crtbegin.o
                                         0x44 (size before relaxing)
 .comment       0x0000000000000043       0x44 ./Core/Src/flash.o
 .comment       0x0000000000000043       0x44 ./Core/Src/main.o
 .comment       0x0000000000000043       0x44 ./Core/Src/stm32f2xx_hal_msp.o
 .comment       0x0000000000000043       0x44 ./Core/Src/stm32f2xx_it.o
 .comment       0x0000000000000043       0x44 ./Core/Src/system_stm32f2xx.o
 .comment       0x0000000000000043       0x44 ./Core/Src/uart.o
 .comment       0x0000000000000043       0x44 ./Core/Src/xmodem.o
 .comment       0x0000000000000043       0x44 ./Drivers/STM32F2xx_HAL_Driver/Src/stm32f2xx_hal.o
 .comment       0x0000000000000043       0x44 ./Drivers/STM32F2xx_HAL_Driver/Src/stm32f2xx_hal_cortex.o
 .comment       0x0000000000000043       0x44 ./Drivers/STM32F2xx_HAL_Driver/Src/stm32f2xx_hal_dma.o
 .comment       0x0000000000000043       0x44 ./Drivers/STM32F2xx_HAL_Driver/Src/stm32f2xx_hal_flash.o
 .comment       0x0000000000000043       0x44 ./Drivers/STM32F2xx_HAL_Driver/Src/stm32f2xx_hal_flash_ex.o
 .comment       0x0000000000000043       0x44 ./Drivers/STM32F2xx_HAL_Driver/Src/stm32f2xx_hal_gpio.o
 .comment       0x0000000000000043       0x44 ./Drivers/STM32F2xx_HAL_Driver/Src/stm32f2xx_hal_rcc.o
 .comment       0x0000000000000043       0x44 ./Drivers/STM32F2xx_HAL_Driver/Src/stm32f2xx_hal_uart.o

.debug_info     0x0000000000000000     0x9197
 .debug_info    0x0000000000000000      0x2e5 ./Core/Src/flash.o
 .debug_info    0x00000000000002e5      0x9cf ./Core/Src/main.o
 .debug_info    0x0000000000000cb4      0x8e9 ./Core/Src/stm32f2xx_hal_msp.o
 .debug_info    0x000000000000159d      0x112 ./Core/Src/stm32f2xx_it.o
 .debug_info    0x00000000000016af      0x31f ./Core/Src/system_stm32f2xx.o
 .debug_info    0x00000000000019ce      0x710 ./Core/Src/uart.o
 .debug_info    0x00000000000020de      0x3e3 ./Core/Src/xmodem.o
 .debug_info    0x00000000000024c1       0x23 ./Core/Startup/startup_stm32f205retx.o
 .debug_info    0x00000000000024e4      0x9b1 ./Drivers/STM32F2xx_HAL_Driver/Src/stm32f2xx_hal.o
 .debug_info    0x0000000000002e95      0xd34 ./Drivers/STM32F2xx_HAL_Driver/Src/stm32f2xx_hal_cortex.o
 .debug_info    0x0000000000003bc9      0x8e7 ./Drivers/STM32F2xx_HAL_Driver/Src/stm32f2xx_hal_dma.o
 .debug_info    0x00000000000044b0      0x570 ./Drivers/STM32F2xx_HAL_Driver/Src/stm32f2xx_hal_flash.o
 .debug_info    0x0000000000004a20      0x6be ./Drivers/STM32F2xx_HAL_Driver/Src/stm32f2xx_hal_flash_ex.o
 .debug_info    0x00000000000050de      0x68e ./Drivers/STM32F2xx_HAL_Driver/Src/stm32f2xx_hal_gpio.o
 .debug_info    0x000000000000576c      0xa39 ./Drivers/STM32F2xx_HAL_Driver/Src/stm32f2xx_hal_rcc.o
 .debug_info    0x00000000000061a5     0x2ff2 ./Drivers/STM32F2xx_HAL_Driver/Src/stm32f2xx_hal_uart.o

.debug_abbrev   0x0000000000000000     0x1ef0
 .debug_abbrev  0x0000000000000000      0x189 ./Core/Src/flash.o
 .debug_abbrev  0x0000000000000189      0x25d ./Core/Src/main.o
 .debug_abbrev  0x00000000000003e6      0x1ad ./Core/Src/stm32f2xx_hal_msp.o
 .debug_abbrev  0x0000000000000593       0x73 ./Core/Src/stm32f2xx_it.o
 .debug_abbrev  0x0000000000000606      0x11c ./Core/Src/system_stm32f2xx.o
 .debug_abbrev  0x0000000000000722      0x18c ./Core/Src/uart.o
 .debug_abbrev  0x00000000000008ae      0x147 ./Core/Src/xmodem.o
 .debug_abbrev  0x00000000000009f5       0x12 ./Core/Startup/startup_stm32f205retx.o
 .debug_abbrev  0x0000000000000a07      0x286 ./Drivers/STM32F2xx_HAL_Driver/Src/stm32f2xx_hal.o
 .debug_abbrev  0x0000000000000c8d      0x327 ./Drivers/STM32F2xx_HAL_Driver/Src/stm32f2xx_hal_cortex.o
 .debug_abbrev  0x0000000000000fb4      0x264 ./Drivers/STM32F2xx_HAL_Driver/Src/stm32f2xx_hal_dma.o
 .debug_abbrev  0x0000000000001218      0x28c ./Drivers/STM32F2xx_HAL_Driver/Src/stm32f2xx_hal_flash.o
 .debug_abbrev  0x00000000000014a4      0x29d ./Drivers/STM32F2xx_HAL_Driver/Src/stm32f2xx_hal_flash_ex.o
 .debug_abbrev  0x0000000000001741      0x1cb ./Drivers/STM32F2xx_HAL_Driver/Src/stm32f2xx_hal_gpio.o
 .debug_abbrev  0x000000000000190c      0x2d6 ./Drivers/STM32F2xx_HAL_Driver/Src/stm32f2xx_hal_rcc.o
 .debug_abbrev  0x0000000000001be2      0x30e ./Drivers/STM32F2xx_HAL_Driver/Src/stm32f2xx_hal_uart.o

.debug_aranges  0x0000000000000000      0x870
 .debug_aranges
                0x0000000000000000       0x30 ./Core/Src/flash.o
 .debug_aranges
                0x0000000000000030       0x40 ./Core/Src/main.o
 .debug_aranges
                0x0000000000000070       0x30 ./Core/Src/stm32f2xx_hal_msp.o
 .debug_aranges
                0x00000000000000a0       0x60 ./Core/Src/stm32f2xx_it.o
 .debug_aranges
                0x0000000000000100       0x28 ./Core/Src/system_stm32f2xx.o
 .debug_aranges
                0x0000000000000128       0x30 ./Core/Src/uart.o
 .debug_aranges
                0x0000000000000158       0x38 ./Core/Src/xmodem.o
 .debug_aranges
                0x0000000000000190       0x28 ./Core/Startup/startup_stm32f205retx.o
 .debug_aranges
                0x00000000000001b8       0xf0 ./Drivers/STM32F2xx_HAL_Driver/Src/stm32f2xx_hal.o
 .debug_aranges
                0x00000000000002a8      0x118 ./Drivers/STM32F2xx_HAL_Driver/Src/stm32f2xx_hal_cortex.o
 .debug_aranges
                0x00000000000003c0       0x90 ./Drivers/STM32F2xx_HAL_Driver/Src/stm32f2xx_hal_dma.o
 .debug_aranges
                0x0000000000000450       0xa0 ./Drivers/STM32F2xx_HAL_Driver/Src/stm32f2xx_hal_flash.o
 .debug_aranges
                0x00000000000004f0       0x98 ./Drivers/STM32F2xx_HAL_Driver/Src/stm32f2xx_hal_flash_ex.o
 .debug_aranges
                0x0000000000000588       0x58 ./Drivers/STM32F2xx_HAL_Driver/Src/stm32f2xx_hal_gpio.o
 .debug_aranges
                0x00000000000005e0       0x88 ./Drivers/STM32F2xx_HAL_Driver/Src/stm32f2xx_hal_rcc.o
 .debug_aranges
                0x0000000000000668      0x208 ./Drivers/STM32F2xx_HAL_Driver/Src/stm32f2xx_hal_uart.o

.debug_rnglists
                0x0000000000000000      0x660
 .debug_rnglists
                0x0000000000000000       0x20 ./Core/Src/flash.o
 .debug_rnglists
                0x0000000000000020       0x2b ./Core/Src/main.o
 .debug_rnglists
                0x000000000000004b       0x20 ./Core/Src/stm32f2xx_hal_msp.o
 .debug_rnglists
                0x000000000000006b       0x43 ./Core/Src/stm32f2xx_it.o
 .debug_rnglists
                0x00000000000000ae       0x1a ./Core/Src/system_stm32f2xx.o
 .debug_rnglists
                0x00000000000000c8       0x1f ./Core/Src/uart.o
 .debug_rnglists
                0x00000000000000e7       0x27 ./Core/Src/xmodem.o
 .debug_rnglists
                0x000000000000010e       0x19 ./Core/Startup/startup_stm32f205retx.o
 .debug_rnglists
                0x0000000000000127       0xaf ./Drivers/STM32F2xx_HAL_Driver/Src/stm32f2xx_hal.o
 .debug_rnglists
                0x00000000000001d6       0xce ./Drivers/STM32F2xx_HAL_Driver/Src/stm32f2xx_hal_cortex.o
 .debug_rnglists
                0x00000000000002a4       0x70 ./Drivers/STM32F2xx_HAL_Driver/Src/stm32f2xx_hal_dma.o
 .debug_rnglists
                0x0000000000000314       0x78 ./Drivers/STM32F2xx_HAL_Driver/Src/stm32f2xx_hal_flash.o
 .debug_rnglists
                0x000000000000038c       0x72 ./Drivers/STM32F2xx_HAL_Driver/Src/stm32f2xx_hal_flash_ex.o
 .debug_rnglists
                0x00000000000003fe       0x3f ./Drivers/STM32F2xx_HAL_Driver/Src/stm32f2xx_hal_gpio.o
 .debug_rnglists
                0x000000000000043d       0x67 ./Drivers/STM32F2xx_HAL_Driver/Src/stm32f2xx_hal_rcc.o
 .debug_rnglists
                0x00000000000004a4      0x1bc ./Drivers/STM32F2xx_HAL_Driver/Src/stm32f2xx_hal_uart.o

.debug_macro    0x0000000000000000    0x1cd4a
 .debug_macro   0x0000000000000000      0x1c3 ./Core/Src/flash.o
 .debug_macro   0x00000000000001c3      0xa9c ./Core/Src/flash.o
 .debug_macro   0x0000000000000c5f      0x238 ./Core/Src/flash.o
 .debug_macro   0x0000000000000e97       0x2e ./Core/Src/flash.o
 .debug_macro   0x0000000000000ec5       0x22 ./Core/Src/flash.o
 .debug_macro   0x0000000000000ee7       0x22 ./Core/Src/flash.o
 .debug_macro   0x0000000000000f09       0x8e ./Core/Src/flash.o
 .debug_macro   0x0000000000000f97       0x51 ./Core/Src/flash.o
 .debug_macro   0x0000000000000fe8      0x103 ./Core/Src/flash.o
 .debug_macro   0x00000000000010eb       0x6a ./Core/Src/flash.o
 .debug_macro   0x0000000000001155      0x1df ./Core/Src/flash.o
 .debug_macro   0x0000000000001334       0x1c ./Core/Src/flash.o
 .debug_macro   0x0000000000001350       0x22 ./Core/Src/flash.o
 .debug_macro   0x0000000000001372       0xbd ./Core/Src/flash.o
 .debug_macro   0x000000000000142f      0xe49 ./Core/Src/flash.o
 .debug_macro   0x0000000000002278      0x11f ./Core/Src/flash.o
 .debug_macro   0x0000000000002397    0x133fd ./Core/Src/flash.o
 .debug_macro   0x0000000000015794       0x6d ./Core/Src/flash.o
 .debug_macro   0x0000000000015801     0x35a5 ./Core/Src/flash.o
 .debug_macro   0x0000000000018da6      0x174 ./Core/Src/flash.o
 .debug_macro   0x0000000000018f1a       0x55 ./Core/Src/flash.o
 .debug_macro   0x0000000000018f6f     0x1056 ./Core/Src/flash.o
 .debug_macro   0x0000000000019fc5       0x4a ./Core/Src/flash.o
 .debug_macro   0x000000000001a00f      0x170 ./Core/Src/flash.o
 .debug_macro   0x000000000001a17f      0x115 ./Core/Src/flash.o
 .debug_macro   0x000000000001a294       0xfa ./Core/Src/flash.o
 .debug_macro   0x000000000001a38e       0xa5 ./Core/Src/flash.o
 .debug_macro   0x000000000001a433      0x16a ./Core/Src/flash.o
 .debug_macro   0x000000000001a59d      0x287 ./Core/Src/flash.o
 .debug_macro   0x000000000001a824       0x5f ./Core/Src/flash.o
 .debug_macro   0x000000000001a883      0x236 ./Core/Src/flash.o
 .debug_macro   0x000000000001aab9      0x126 ./Core/Src/flash.o
 .debug_macro   0x000000000001abdf      0x216 ./Core/Src/flash.o
 .debug_macro   0x000000000001adf5       0x2e ./Core/Src/flash.o
 .debug_macro   0x000000000001ae23      0x113 ./Core/Src/flash.o
 .debug_macro   0x000000000001af36       0x22 ./Core/Src/flash.o
 .debug_macro   0x000000000001af58       0x82 ./Core/Src/flash.o
 .debug_macro   0x000000000001afda      0x2aa ./Core/Src/flash.o
 .debug_macro   0x000000000001b284      0x12d ./Core/Src/flash.o
 .debug_macro   0x000000000001b3b1      0x1eb ./Core/Src/main.o
 .debug_macro   0x000000000001b59c       0x10 ./Core/Src/main.o
 .debug_macro   0x000000000001b5ac       0x10 ./Core/Src/main.o
 .debug_macro   0x000000000001b5bc       0x22 ./Core/Src/main.o
 .debug_macro   0x000000000001b5de       0x64 ./Core/Src/main.o
 .debug_macro   0x000000000001b642      0x1bd ./Core/Src/stm32f2xx_hal_msp.o
 .debug_macro   0x000000000001b7ff      0x1c7 ./Core/Src/stm32f2xx_it.o
 .debug_macro   0x000000000001b9c6      0x1b3 ./Core/Src/system_stm32f2xx.o
 .debug_macro   0x000000000001bb79      0x1c3 ./Core/Src/uart.o
 .debug_macro   0x000000000001bd3c      0x1e4 ./Core/Src/xmodem.o
 .debug_macro   0x000000000001bf20      0x201 ./Drivers/STM32F2xx_HAL_Driver/Src/stm32f2xx_hal.o
 .debug_macro   0x000000000001c121      0x1b3 ./Drivers/STM32F2xx_HAL_Driver/Src/stm32f2xx_hal_cortex.o
 .debug_macro   0x000000000001c2d4      0x1b9 ./Drivers/STM32F2xx_HAL_Driver/Src/stm32f2xx_hal_dma.o
 .debug_macro   0x000000000001c48d      0x1b9 ./Drivers/STM32F2xx_HAL_Driver/Src/stm32f2xx_hal_flash.o
 .debug_macro   0x000000000001c646      0x1b9 ./Drivers/STM32F2xx_HAL_Driver/Src/stm32f2xx_hal_flash_ex.o
 .debug_macro   0x000000000001c7ff      0x1ba ./Drivers/STM32F2xx_HAL_Driver/Src/stm32f2xx_hal_gpio.o
 .debug_macro   0x000000000001c9b9      0x1dd ./Drivers/STM32F2xx_HAL_Driver/Src/stm32f2xx_hal_rcc.o
 .debug_macro   0x000000000001cb96      0x1b4 ./Drivers/STM32F2xx_HAL_Driver/Src/stm32f2xx_hal_uart.o

.debug_line     0x0000000000000000     0xb467
 .debug_line    0x0000000000000000      0x79f ./Core/Src/flash.o
 .debug_line    0x000000000000079f      0x7ee ./Core/Src/main.o
 .debug_line    0x0000000000000f8d      0x742 ./Core/Src/stm32f2xx_hal_msp.o
 .debug_line    0x00000000000016cf      0x7b7 ./Core/Src/stm32f2xx_it.o
 .debug_line    0x0000000000001e86      0x771 ./Core/Src/system_stm32f2xx.o
 .debug_line    0x00000000000025f7      0x750 ./Core/Src/uart.o
 .debug_line    0x0000000000002d47      0x8e3 ./Core/Src/xmodem.o
 .debug_line    0x000000000000362a       0x7a ./Core/Startup/startup_stm32f205retx.o
 .debug_line    0x00000000000036a4      0xa08 ./Drivers/STM32F2xx_HAL_Driver/Src/stm32f2xx_hal.o
 .debug_line    0x00000000000040ac      0xc8b ./Drivers/STM32F2xx_HAL_Driver/Src/stm32f2xx_hal_cortex.o
 .debug_line    0x0000000000004d37      0xf40 ./Drivers/STM32F2xx_HAL_Driver/Src/stm32f2xx_hal_dma.o
 .debug_line    0x0000000000005c77      0xa6f ./Drivers/STM32F2xx_HAL_Driver/Src/stm32f2xx_hal_flash.o
 .debug_line    0x00000000000066e6      0xa97 ./Drivers/STM32F2xx_HAL_Driver/Src/stm32f2xx_hal_flash_ex.o
 .debug_line    0x000000000000717d      0xb56 ./Drivers/STM32F2xx_HAL_Driver/Src/stm32f2xx_hal_gpio.o
 .debug_line    0x0000000000007cd3      0xe9a ./Drivers/STM32F2xx_HAL_Driver/Src/stm32f2xx_hal_rcc.o
 .debug_line    0x0000000000008b6d     0x28fa ./Drivers/STM32F2xx_HAL_Driver/Src/stm32f2xx_hal_uart.o

.debug_str      0x0000000000000000    0xac403
 .debug_str     0x0000000000000000    0xa9741 ./Core/Src/flash.o
                                      0xa99e6 (size before relaxing)
 .debug_str     0x00000000000a9741      0x964 ./Core/Src/main.o
                                      0xaa221 (size before relaxing)
 .debug_str     0x00000000000aa0a5       0xdc ./Core/Src/stm32f2xx_hal_msp.o
                                      0xa9e2f (size before relaxing)
 .debug_str     0x00000000000aa181       0xc9 ./Core/Src/stm32f2xx_it.o
                                      0xa9896 (size before relaxing)
 .debug_str     0x00000000000aa24a       0x87 ./Core/Src/system_stm32f2xx.o
                                      0xa996c (size before relaxing)
 .debug_str     0x00000000000aa2d1       0x75 ./Core/Src/uart.o
                                      0xa9d66 (size before relaxing)
 .debug_str     0x00000000000aa346      0x177 ./Core/Src/xmodem.o
                                      0xa9d1b (size before relaxing)
 .debug_str     0x00000000000aa4bd       0x34 ./Core/Startup/startup_stm32f205retx.o
                                         0x77 (size before relaxing)
 .debug_str     0x00000000000aa4f1      0xa4a ./Drivers/STM32F2xx_HAL_Driver/Src/stm32f2xx_hal.o
                                      0xaa497 (size before relaxing)
 .debug_str     0x00000000000aaf3b      0x3a8 ./Drivers/STM32F2xx_HAL_Driver/Src/stm32f2xx_hal_cortex.o
                                      0xaa25c (size before relaxing)
 .debug_str     0x00000000000ab2e3      0x328 ./Drivers/STM32F2xx_HAL_Driver/Src/stm32f2xx_hal_dma.o
                                      0xa9dda (size before relaxing)
 .debug_str     0x00000000000ab60b      0x291 ./Drivers/STM32F2xx_HAL_Driver/Src/stm32f2xx_hal_flash.o
                                      0xa9ba9 (size before relaxing)
 .debug_str     0x00000000000ab89c      0x1e3 ./Drivers/STM32F2xx_HAL_Driver/Src/stm32f2xx_hal_flash_ex.o
                                      0xa9c0d (size before relaxing)
 .debug_str     0x00000000000aba7f      0x15b ./Drivers/STM32F2xx_HAL_Driver/Src/stm32f2xx_hal_gpio.o
                                      0xa9b2a (size before relaxing)
 .debug_str     0x00000000000abbda      0x251 ./Drivers/STM32F2xx_HAL_Driver/Src/stm32f2xx_hal_rcc.o
                                      0xa9e1e (size before relaxing)
 .debug_str     0x00000000000abe2b      0x5d8 ./Drivers/STM32F2xx_HAL_Driver/Src/stm32f2xx_hal_uart.o
                                      0xaa3c1 (size before relaxing)

.debug_frame    0x0000000000000000     0x20a0
 .debug_frame   0x0000000000000000       0x80 ./Core/Src/flash.o
 .debug_frame   0x0000000000000080       0xac ./Core/Src/main.o
 .debug_frame   0x000000000000012c       0x80 ./Core/Src/stm32f2xx_hal_msp.o
 .debug_frame   0x00000000000001ac      0x104 ./Core/Src/stm32f2xx_it.o
 .debug_frame   0x00000000000002b0       0x58 ./Core/Src/system_stm32f2xx.o
 .debug_frame   0x0000000000000308       0x7c ./Core/Src/uart.o
 .debug_frame   0x0000000000000384       0xa8 ./Core/Src/xmodem.o
 .debug_frame   0x000000000000042c      0x384 ./Drivers/STM32F2xx_HAL_Driver/Src/stm32f2xx_hal.o
 .debug_frame   0x00000000000007b0      0x498 ./Drivers/STM32F2xx_HAL_Driver/Src/stm32f2xx_hal_cortex.o
 .debug_frame   0x0000000000000c48      0x250 ./Drivers/STM32F2xx_HAL_Driver/Src/stm32f2xx_hal_dma.o
 .debug_frame   0x0000000000000e98      0x274 ./Drivers/STM32F2xx_HAL_Driver/Src/stm32f2xx_hal_flash.o
 .debug_frame   0x000000000000110c      0x250 ./Drivers/STM32F2xx_HAL_Driver/Src/stm32f2xx_hal_flash_ex.o
 .debug_frame   0x000000000000135c      0x14c ./Drivers/STM32F2xx_HAL_Driver/Src/stm32f2xx_hal_gpio.o
 .debug_frame   0x00000000000014a8      0x208 ./Drivers/STM32F2xx_HAL_Driver/Src/stm32f2xx_hal_rcc.o
 .debug_frame   0x00000000000016b0      0x944 ./Drivers/STM32F2xx_HAL_Driver/Src/stm32f2xx_hal_uart.o
 .debug_frame   0x0000000000001ff4       0x20 C:/ST/STM32CubeIDE_1.11.0/STM32CubeIDE/plugins/com.st.stm32cube.ide.mcu.externaltools.gnu-tools-for-stm32.11.3.rel1.win32_1.1.1.202309131626/tools/bin/../lib/gcc/arm-none-eabi/11.3.1/../../../../arm-none-eabi/lib/thumb/v7-m/nofp\libc_nano.a(libc_a-memset.o)
 .debug_frame   0x0000000000002014       0x2c C:/ST/STM32CubeIDE_1.11.0/STM32CubeIDE/plugins/com.st.stm32cube.ide.mcu.externaltools.gnu-tools-for-stm32.11.3.rel1.win32_1.1.1.202309131626/tools/bin/../lib/gcc/arm-none-eabi/11.3.1/../../../../arm-none-eabi/lib/thumb/v7-m/nofp\libc_nano.a(libc_a-init.o)
 .debug_frame   0x0000000000002040       0x2c C:/ST/STM32CubeIDE_1.11.0/STM32CubeIDE/plugins/com.st.stm32cube.ide.mcu.externaltools.gnu-tools-for-stm32.11.3.rel1.win32_1.1.1.202309131626/tools/bin/../lib/gcc/arm-none-eabi/11.3.1/thumb/v7-m/nofp\libgcc.a(_aeabi_uldivmod.o)
 .debug_frame   0x000000000000206c       0x34 C:/ST/STM32CubeIDE_1.11.0/STM32CubeIDE/plugins/com.st.stm32cube.ide.mcu.externaltools.gnu-tools-for-stm32.11.3.rel1.win32_1.1.1.202309131626/tools/bin/../lib/gcc/arm-none-eabi/11.3.1/thumb/v7-m/nofp\libgcc.a(_udivmoddi4.o)

.debug_line_str
                0x0000000000000000       0x6b
 .debug_line_str
                0x0000000000000000       0x6b ./Core/Startup/startup_stm32f205retx.o
                                         0x83 (size before relaxing)
